// Jest Snapshot v1, https://goo.gl/fbAQLP

exports[`renders BoardMenuPanel component 1`] = `ShallowWrapper {}`;
