// Jest Snapshot v1, https://goo.gl/fbAQLP

exports[`renders CardModal component 1`] = `
"<ContextConsumer>
  [function]
</ContextConsumer>"
`;
