// Jest Snapshot v1, https://goo.gl/fbAQLP

exports[`renders AddBoard component 1`] = `ShallowWrapper {}`;
