// Jest Snapshot v1, https://goo.gl/fbAQLP

exports[`renders CardUtilties component 1`] = `ShallowWrapper {}`;
