// Jest Snapshot v1, https://goo.gl/fbAQLP

exports[`renders BoardLink component 1`] = `
"<Link className=\\"board-link\\" to=\\"/board/undefined\\" style={{...}}>
  <div className=\\"board-link__link\\" />
</Link>"
`;
