// Jest Snapshot v1, https://goo.gl/fbAQLP

exports[`renders Board component 1`] = `"<Spinner />"`;
