// Jest Snapshot v1, https://goo.gl/fbAQLP

exports[`renders Card component 1`] = `ShallowWrapper {}`;
