// Jest Snapshot v1, https://goo.gl/fbAQLP

exports[`renders AddList component 1`] = `ShallowWrapper {}`;
