// Jest Snapshot v1, https://goo.gl/fbAQLP

exports[`renders ChangeBackgroundOption component 1`] = `ShallowWrapper {}`;
