// Jest Snapshot v1, https://goo.gl/fbAQLP

exports[`renders ArchiveItem component 1`] = `ShallowWrapper {}`;
