// Jest Snapshot v1, https://goo.gl/fbAQLP

exports[`renders Checklist component 1`] = `ShallowWrapper {}`;
