// Jest Snapshot v1, https://goo.gl/fbAQLP

exports[`renders List component 1`] = `ShallowWrapper {}`;
