// Jest Snapshot v1, https://goo.gl/fbAQLP

exports[`renders BoardMenuItem component 1`] = `ShallowWrapper {}`;
