// Jest Snapshot v1, https://goo.gl/fbAQLP

exports[`renders MenuToggler component 1`] = `ShallowWrapper {}`;
