// Jest Snapshot v1, https://goo.gl/fbAQLP

exports[`renders AddCard component 1`] = `ShallowWrapper {}`;
