// Jest Snapshot v1, https://goo.gl/fbAQLP

exports[`renders BoardMenu component 1`] = `
"<div className=\\"sidebar__wrapper\\">
  <div className=\\"sidebar sidebar--hidden\\">
    <BoardMenu toggleMenu={[undefined]} />
  </div>
</div>"
`;
