// Jest Snapshot v1, https://goo.gl/fbAQLP

exports[`renders BoardMenuContent component 1`] = `
"<div className=\\"sidebar-menu\\">
  <h2 className=\\"sidebar-menu__heading\\">
    Menu
  </h2>
  <div className=\\"sidebar-menu__close\\" onClick={[undefined]}>
    Ã—
  </div>
  <hr />
  <BoardMenuItem toggleTarget=\\"Archive\\" togglePanel={[Function]}>
    Show Archive
  </BoardMenuItem>
  <BoardMenuItem toggleTarget=\\"ChangeBackground\\" togglePanel={[Function]}>
    Change Background
  </BoardMenuItem>
  <BoardMenuPanel visible={false} togglePanel={[Function]} heading=\\"Archive\\">
    <Connect(Archive) />
  </BoardMenuPanel>
  <BoardMenuPanel visible={false} togglePanel={[Function]} heading=\\"Change Background\\">
    <ChangeBackground />
  </BoardMenuPanel>
  <BoardMenuPanel visible={false} togglePanel={[Function]} heading=\\"Board Description\\" />
  <BoardMenuPanel visible={false} togglePanel={[Function]} heading=\\"Friends\\" />
</div>"
`;
